Code typed for `f_logistic1(1.0, (1.5, 2.0), 3.0)):
CodeInfo(
1 ─ %1 =   builtin Base.getfield(p, 1)::Float64
│   %2 =   builtin Base.getfield(p, 2)::Float64
│   %3 = intrinsic Base.mul_float(%2, u)::Float64
│   %4 = intrinsic Base.sub_float(%1, %3)::Float64
│   %5 = intrinsic Base.mul_float(%4, u)::Float64
└──      return %5
) => Float64

Code typed for `f_logistic2(1.0, (1.5, 2.0), 3.0))
CodeInfo(
1 ─ %1 = $(Expr(:boundscheck, true))::Bool
│   %2 =   builtin Base.getfield(p, 1, %1)::Float64
│   %3 = $(Expr(:boundscheck, true))::Bool
│   %4 =   builtin Base.getfield(p, 2, %3)::Float64
│   %5 = intrinsic Base.mul_float(%4, u)::Float64
│   %6 = intrinsic Base.sub_float(%2, %5)::Float64
│   %7 = intrinsic Base.mul_float(%6, u)::Float64
└──      return %7
) => Float64
