Code typed for `f_randomlogistic1(1.0, (1.5, 2.0, 0.2, 0.1), 3.0, 0.5)):
CodeInfo(
1 ─ %1  =   builtin Base.getfield(p, 1)::Float64
│   %2  =   builtin Base.getfield(p, 2)::Float64
│   %3  =   builtin Base.getfield(p, 3)::Float64
│   %4  =   builtin Base.getfield(p, 4)::Float64
│   %5  = intrinsic Base.abs_float(W)::Float64
│   %6  = intrinsic Base.add_float(1.0, %5)::Float64
│   %7  = intrinsic Base.div_float(W, %6)::Float64
│   %8  =    invoke Main.FD_SANDBOX_3637103081925323742.sin(W::Float64)::Float64
│   %9  = intrinsic Base.mul_float(%3, %7)::Float64
│   %10 = intrinsic Base.add_float(%1, %9)::Float64
│   %11 = intrinsic Base.mul_float(%4, %8)::Float64
│   %12 = intrinsic Base.add_float(%2, %11)::Float64
│   %13 = intrinsic Base.mul_float(%12, u)::Float64
│   %14 = intrinsic Base.sub_float(%10, %13)::Float64
│   %15 = intrinsic Base.mul_float(%14, u)::Float64
└──       return %15
) => Float64

Code typed for `f_randomlogistic2(1.0, (1.5, 2.0, 0.2, 0.1), 3.0, 0.5))
CodeInfo(
1 ─ %1  = $(Expr(:boundscheck, true))::Bool
│   %2  =   builtin Base.getfield(p, 1, %1)::Float64
│   %3  = $(Expr(:boundscheck, true))::Bool
│   %4  =   builtin Base.getfield(p, 3, %3)::Float64
│   %5  = intrinsic Base.mul_float(%4, W)::Float64
│   %6  = intrinsic Base.abs_float(W)::Float64
│   %7  = intrinsic Base.add_float(1.0, %6)::Float64
│   %8  = intrinsic Base.div_float(%5, %7)::Float64
│   %9  = intrinsic Base.add_float(%2, %8)::Float64
│   %10 = $(Expr(:boundscheck, true))::Bool
│   %11 =   builtin Base.getfield(p, 2, %10)::Float64
│   %12 = $(Expr(:boundscheck, true))::Bool
│   %13 =   builtin Base.getfield(p, 3, %12)::Float64
│   %14 =    invoke Main.FD_SANDBOX_3637103081925323742.sin(W::Float64)::Float64
│   %15 = intrinsic Base.mul_float(%13, %14)::Float64
│   %16 = intrinsic Base.add_float(%11, %15)::Float64
│   %17 = intrinsic Base.mul_float(%16, u)::Float64
│   %18 = intrinsic Base.sub_float(%9, %17)::Float64
│   %19 = intrinsic Base.mul_float(%18, u)::Float64
└──       return %19
) => Float64
