Code lowered for `f_logistic1(1.0, (1.5, 2.0), 3.0)):
CodeInfo(
1 ─ %1  =   dynamic Base.indexed_iterate(p, 1)
│         α = Core.getfield(%1, 1)
│         @_5 = Core.getfield(%1, 2)
│   %4  = @_5
│   %5  =   dynamic Base.indexed_iterate(p, 2, %4)
│         β = Core.getfield(%5, 1)
│   %7  = Main.FD_SANDBOX_3637103081925323742.:*
│   %8  = Main.FD_SANDBOX_3637103081925323742.:-
│   %9  = α
│   %10 = Main.FD_SANDBOX_3637103081925323742.:*
│   %11 = β
│   %12 =   dynamic (%10)(%11, u)
│   %13 =   dynamic (%8)(%9, %12)
│         du = (%7)(%13, u)
│   %15 = du
└──       return %15
)

Code lowered for `f_logistic2(1.0, (1.5, 2.0), 3.0))
CodeInfo(
1 ─ %1 = Main.FD_SANDBOX_3637103081925323742.:*
│   %2 = Main.FD_SANDBOX_3637103081925323742.:-
│   %3 =   dynamic Base.getindex(p, 1)
│   %4 = Main.FD_SANDBOX_3637103081925323742.:*
│   %5 =   dynamic Base.getindex(p, 2)
│   %6 =   dynamic (%4)(%5, u)
│   %7 =   dynamic (%2)(%3, %6)
│   %8 =   dynamic (%1)(%7, u)
└──      return %8
)
